  Determining projects to restore...
  All projects are up-to-date for restore.
C:\Project\AntiGravity\PRO\CreditGuard.Backend\CreditGuard.Infrastructure\Data\AppDbContext.cs(1,19): error CS0234: The type or namespace name 'Core' does not exist in the namespace 'CreditGuard' (are you missing an assembly reference?) [C:\Project\AntiGravity\PRO\CreditGuard.Backend\CreditGuard.Infrastructure\CreditGuard.Infrastructure.csproj]
C:\Project\AntiGravity\PRO\CreditGuard.Backend\CreditGuard.Infrastructure\Data\BlobDbContext.cs(1,19): error CS0234: The type or namespace name 'Core' does not exist in the namespace 'CreditGuard' (are you missing an assembly reference?) [C:\Project\AntiGravity\PRO\CreditGuard.Backend\CreditGuard.Infrastructure\CreditGuard.Infrastructure.csproj]
C:\Project\AntiGravity\PRO\CreditGuard.Backend\CreditGuard.Infrastructure\DependencyInjection.cs(1,19): error CS0234: The type or namespace name 'Core' does not exist in the namespace 'CreditGuard' (are you missing an assembly reference?) [C:\Project\AntiGravity\PRO\CreditGuard.Backend\CreditGuard.Infrastructure\CreditGuard.Infrastructure.csproj]
C:\Project\AntiGravity\PRO\CreditGuard.Backend\CreditGuard.Infrastructure\Services\AuthService.cs(6,19): error CS0234: The type or namespace name 'Core' does not exist in the namespace 'CreditGuard' (are you missing an assembly reference?) [C:\Project\AntiGravity\PRO\CreditGuard.Backend\CreditGuard.Infrastructure\CreditGuard.Infrastructure.csproj]
C:\Project\AntiGravity\PRO\CreditGuard.Backend\CreditGuard.Infrastructure\Services\AuthService.cs(7,19): error CS0234: The type or namespace name 'Core' does not exist in the namespace 'CreditGuard' (are you missing an assembly reference?) [C:\Project\AntiGravity\PRO\CreditGuard.Backend\CreditGuard.Infrastructure\CreditGuard.Infrastructure.csproj]
C:\Project\AntiGravity\PRO\CreditGuard.Backend\CreditGuard.Infrastructure\Services\AuthService.cs(8,19): error CS0234: The type or namespace name 'Core' does not exist in the namespace 'CreditGuard' (are you missing an assembly reference?) [C:\Project\AntiGravity\PRO\CreditGuard.Backend\CreditGuard.Infrastructure\CreditGuard.Infrastructure.csproj]
C:\Project\AntiGravity\PRO\CreditGuard.Backend\CreditGuard.Infrastructure\Services\BlobService.cs(2,19): error CS0234: The type or namespace name 'Core' does not exist in the namespace 'CreditGuard' (are you missing an assembly reference?) [C:\Project\AntiGravity\PRO\CreditGuard.Backend\CreditGuard.Infrastructure\CreditGuard.Infrastructure.csproj]
C:\Project\AntiGravity\PRO\CreditGuard.Backend\CreditGuard.Infrastructure\Services\BlobService.cs(3,19): error CS0234: The type or namespace name 'Core' does not exist in the namespace 'CreditGuard' (are you missing an assembly reference?) [C:\Project\AntiGravity\PRO\CreditGuard.Backend\CreditGuard.Infrastructure\CreditGuard.Infrastructure.csproj]
C:\Project\AntiGravity\PRO\CreditGuard.Backend\CreditGuard.Infrastructure\Services\BlobService.cs(6,19): error CS0234: The type or namespace name 'Core' does not exist in the namespace 'CreditGuard' (are you missing an assembly reference?) [C:\Project\AntiGravity\PRO\CreditGuard.Backend\CreditGuard.Infrastructure\CreditGuard.Infrastructure.csproj]
C:\Project\AntiGravity\PRO\CreditGuard.Backend\CreditGuard.Infrastructure\Services\CollectionService.cs(5,19): error CS0234: The type or namespace name 'Core' does not exist in the namespace 'CreditGuard' (are you missing an assembly reference?) [C:\Project\AntiGravity\PRO\CreditGuard.Backend\CreditGuard.Infrastructure\CreditGuard.Infrastructure.csproj]
C:\Project\AntiGravity\PRO\CreditGuard.Backend\CreditGuard.Infrastructure\Services\CollectionService.cs(6,19): error CS0234: The type or namespace name 'Core' does not exist in the namespace 'CreditGuard' (are you missing an assembly reference?) [C:\Project\AntiGravity\PRO\CreditGuard.Backend\CreditGuard.Infrastructure\CreditGuard.Infrastructure.csproj]
C:\Project\AntiGravity\PRO\CreditGuard.Backend\CreditGuard.Infrastructure\Services\CollectionService.cs(7,19): error CS0234: The type or namespace name 'Core' does not exist in the namespace 'CreditGuard' (are you missing an assembly reference?) [C:\Project\AntiGravity\PRO\CreditGuard.Backend\CreditGuard.Infrastructure\CreditGuard.Infrastructure.csproj]
C:\Project\AntiGravity\PRO\CreditGuard.Backend\CreditGuard.Infrastructure\Services\CreditService.cs(5,19): error CS0234: The type or namespace name 'Core' does not exist in the namespace 'CreditGuard' (are you missing an assembly reference?) [C:\Project\AntiGravity\PRO\CreditGuard.Backend\CreditGuard.Infrastructure\CreditGuard.Infrastructure.csproj]
C:\Project\AntiGravity\PRO\CreditGuard.Backend\CreditGuard.Infrastructure\Services\CreditService.cs(6,19): error CS0234: The type or namespace name 'Core' does not exist in the namespace 'CreditGuard' (are you missing an assembly reference?) [C:\Project\AntiGravity\PRO\CreditGuard.Backend\CreditGuard.Infrastructure\CreditGuard.Infrastructure.csproj]
C:\Project\AntiGravity\PRO\CreditGuard.Backend\CreditGuard.Infrastructure\Services\CreditService.cs(7,19): error CS0234: The type or namespace name 'Core' does not exist in the namespace 'CreditGuard' (are you missing an assembly reference?) [C:\Project\AntiGravity\PRO\CreditGuard.Backend\CreditGuard.Infrastructure\CreditGuard.Infrastructure.csproj]
C:\Project\AntiGravity\PRO\CreditGuard.Backend\CreditGuard.Infrastructure\Services\CustomerService.cs(5,19): error CS0234: The type or namespace name 'Core' does not exist in the namespace 'CreditGuard' (are you missing an assembly reference?) [C:\Project\AntiGravity\PRO\CreditGuard.Backend\CreditGuard.Infrastructure\CreditGuard.Infrastructure.csproj]
C:\Project\AntiGravity\PRO\CreditGuard.Backend\CreditGuard.Infrastructure\Services\CustomerService.cs(6,19): error CS0234: The type or namespace name 'Core' does not exist in the namespace 'CreditGuard' (are you missing an assembly reference?) [C:\Project\AntiGravity\PRO\CreditGuard.Backend\CreditGuard.Infrastructure\CreditGuard.Infrastructure.csproj]
C:\Project\AntiGravity\PRO\CreditGuard.Backend\CreditGuard.Infrastructure\Services\CustomerService.cs(7,19): error CS0234: The type or namespace name 'Core' does not exist in the namespace 'CreditGuard' (are you missing an assembly reference?) [C:\Project\AntiGravity\PRO\CreditGuard.Backend\CreditGuard.Infrastructure\CreditGuard.Infrastructure.csproj]
C:\Project\AntiGravity\PRO\CreditGuard.Backend\CreditGuard.Infrastructure\Services\GroupService.cs(5,19): error CS0234: The type or namespace name 'Core' does not exist in the namespace 'CreditGuard' (are you missing an assembly reference?) [C:\Project\AntiGravity\PRO\CreditGuard.Backend\CreditGuard.Infrastructure\CreditGuard.Infrastructure.csproj]
C:\Project\AntiGravity\PRO\CreditGuard.Backend\CreditGuard.Infrastructure\Services\GroupService.cs(6,19): error CS0234: The type or namespace name 'Core' does not exist in the namespace 'CreditGuard' (are you missing an assembly reference?) [C:\Project\AntiGravity\PRO\CreditGuard.Backend\CreditGuard.Infrastructure\CreditGuard.Infrastructure.csproj]
C:\Project\AntiGravity\PRO\CreditGuard.Backend\CreditGuard.Infrastructure\Services\GroupService.cs(7,19): error CS0234: The type or namespace name 'Core' does not exist in the namespace 'CreditGuard' (are you missing an assembly reference?) [C:\Project\AntiGravity\PRO\CreditGuard.Backend\CreditGuard.Infrastructure\CreditGuard.Infrastructure.csproj]
C:\Project\AntiGravity\PRO\CreditGuard.Backend\CreditGuard.Infrastructure\Services\WalletService.cs(5,19): error CS0234: The type or namespace name 'Core' does not exist in the namespace 'CreditGuard' (are you missing an assembly reference?) [C:\Project\AntiGravity\PRO\CreditGuard.Backend\CreditGuard.Infrastructure\CreditGuard.Infrastructure.csproj]
C:\Project\AntiGravity\PRO\CreditGuard.Backend\CreditGuard.Infrastructure\Services\WalletService.cs(6,19): error CS0234: The type or namespace name 'Core' does not exist in the namespace 'CreditGuard' (are you missing an assembly reference?) [C:\Project\AntiGravity\PRO\CreditGuard.Backend\CreditGuard.Infrastructure\CreditGuard.Infrastructure.csproj]
C:\Project\AntiGravity\PRO\CreditGuard.Backend\CreditGuard.Infrastructure\Services\WalletService.cs(7,19): error CS0234: The type or namespace name 'Core' does not exist in the namespace 'CreditGuard' (are you missing an assembly reference?) [C:\Project\AntiGravity\PRO\CreditGuard.Backend\CreditGuard.Infrastructure\CreditGuard.Infrastructure.csproj]
C:\Project\AntiGravity\PRO\CreditGuard.Backend\CreditGuard.Infrastructure\Services\AuthService.cs(16,28): error CS0246: The type or namespace name 'IAuthService' could not be found (are you missing a using directive or an assembly reference?) [C:\Project\AntiGravity\PRO\CreditGuard.Backend\CreditGuard.Infrastructure\CreditGuard.Infrastructure.csproj]
C:\Project\AntiGravity\PRO\CreditGuard.Backend\CreditGuard.Infrastructure\Services\BlobService.cs(10,28): error CS0246: The type or namespace name 'IBlobService' could not be found (are you missing a using directive or an assembly reference?) [C:\Project\AntiGravity\PRO\CreditGuard.Backend\CreditGuard.Infrastructure\CreditGuard.Infrastructure.csproj]
C:\Project\AntiGravity\PRO\CreditGuard.Backend\CreditGuard.Infrastructure\Services\CollectionService.cs(13,34): error CS0246: The type or namespace name 'ICollectionService' could not be found (are you missing a using directive or an assembly reference?) [C:\Project\AntiGravity\PRO\CreditGuard.Backend\CreditGuard.Infrastructure\CreditGuard.Infrastructure.csproj]
C:\Project\AntiGravity\PRO\CreditGuard.Backend\CreditGuard.Infrastructure\Services\CreditService.cs(13,30): error CS0246: The type or namespace name 'ICreditService' could not be found (are you missing a using directive or an assembly reference?) [C:\Project\AntiGravity\PRO\CreditGuard.Backend\CreditGuard.Infrastructure\CreditGuard.Infrastructure.csproj]
C:\Project\AntiGravity\PRO\CreditGuard.Backend\CreditGuard.Infrastructure\Services\GroupService.cs(14,29): error CS0246: The type or namespace name 'IGroupService' could not be found (are you missing a using directive or an assembly reference?) [C:\Project\AntiGravity\PRO\CreditGuard.Backend\CreditGuard.Infrastructure\CreditGuard.Infrastructure.csproj]
C:\Project\AntiGravity\PRO\CreditGuard.Backend\CreditGuard.Infrastructure\Services\AuthService.cs(59,37): error CS0246: The type or namespace name 'Creditor' could not be found (are you missing a using directive or an assembly reference?) [C:\Project\AntiGravity\PRO\CreditGuard.Backend\CreditGuard.Infrastructure\CreditGuard.Infrastructure.csproj]
C:\Project\AntiGravity\PRO\CreditGuard.Backend\CreditGuard.Infrastructure\Services\CustomerService.cs(13,32): error CS0246: The type or namespace name 'ICustomerService' could not be found (are you missing a using directive or an assembly reference?) [C:\Project\AntiGravity\PRO\CreditGuard.Backend\CreditGuard.Infrastructure\CreditGuard.Infrastructure.csproj]
C:\Project\AntiGravity\PRO\CreditGuard.Backend\CreditGuard.Infrastructure\Services\GroupService.cs(17,22): error CS0246: The type or namespace name 'ICustomerService' could not be found (are you missing a using directive or an assembly reference?) [C:\Project\AntiGravity\PRO\CreditGuard.Backend\CreditGuard.Infrastructure\CreditGuard.Infrastructure.csproj]
C:\Project\AntiGravity\PRO\CreditGuard.Backend\CreditGuard.Infrastructure\Services\CollectionService.cs(16,22): error CS0246: The type or namespace name 'IWalletService' could not be found (are you missing a using directive or an assembly reference?) [C:\Project\AntiGravity\PRO\CreditGuard.Backend\CreditGuard.Infrastructure\CreditGuard.Infrastructure.csproj]
C:\Project\AntiGravity\PRO\CreditGuard.Backend\CreditGuard.Infrastructure\Services\CreditService.cs(16,22): error CS0246: The type or namespace name 'IWalletService' could not be found (are you missing a using directive or an assembly reference?) [C:\Project\AntiGravity\PRO\CreditGuard.Backend\CreditGuard.Infrastructure\CreditGuard.Infrastructure.csproj]
C:\Project\AntiGravity\PRO\CreditGuard.Backend\CreditGuard.Infrastructure\Services\WalletService.cs(14,30): error CS0246: The type or namespace name 'IWalletService' could not be found (are you missing a using directive or an assembly reference?) [C:\Project\AntiGravity\PRO\CreditGuard.Backend\CreditGuard.Infrastructure\CreditGuard.Infrastructure.csproj]
C:\Project\AntiGravity\PRO\CreditGuard.Backend\CreditGuard.Infrastructure\Data\BlobDbContext.cs(12,18): error CS0246: The type or namespace name 'Blob' could not be found (are you missing a using directive or an assembly reference?) [C:\Project\AntiGravity\PRO\CreditGuard.Backend\CreditGuard.Infrastructure\CreditGuard.Infrastructure.csproj]
C:\Project\AntiGravity\PRO\CreditGuard.Backend\CreditGuard.Infrastructure\Services\GroupService.cs(20,47): error CS0246: The type or namespace name 'ICustomerService' could not be found (are you missing a using directive or an assembly reference?) [C:\Project\AntiGravity\PRO\CreditGuard.Backend\CreditGuard.Infrastructure\CreditGuard.Infrastructure.csproj]
C:\Project\AntiGravity\PRO\CreditGuard.Backend\CreditGuard.Infrastructure\Data\AppDbContext.cs(12,18): error CS0246: The type or namespace name 'Creditor' could not be found (are you missing a using directive or an assembly reference?) [C:\Project\AntiGravity\PRO\CreditGuard.Backend\CreditGuard.Infrastructure\CreditGuard.Infrastructure.csproj]
C:\Project\AntiGravity\PRO\CreditGuard.Backend\CreditGuard.Infrastructure\Services\CollectionService.cs(17,22): error CS0246: The type or namespace name 'IGroupService' could not be found (are you missing a using directive or an assembly reference?) [C:\Project\AntiGravity\PRO\CreditGuard.Backend\CreditGuard.Infrastructure\CreditGuard.Infrastructure.csproj]
C:\Project\AntiGravity\PRO\CreditGuard.Backend\CreditGuard.Infrastructure\Services\BlobService.cs(33,23): error CS0246: The type or namespace name 'Blob' could not be found (are you missing a using directive or an assembly reference?) [C:\Project\AntiGravity\PRO\CreditGuard.Backend\CreditGuard.Infrastructure\CreditGuard.Infrastructure.csproj]
C:\Project\AntiGravity\PRO\CreditGuard.Backend\CreditGuard.Infrastructure\Services\CreditService.cs(17,22): error CS0246: The type or namespace name 'IGroupService' could not be found (are you missing a using directive or an assembly reference?) [C:\Project\AntiGravity\PRO\CreditGuard.Backend\CreditGuard.Infrastructure\CreditGuard.Infrastructure.csproj]
C:\Project\AntiGravity\PRO\CreditGuard.Backend\CreditGuard.Infrastructure\Services\GroupService.cs(27,23): error CS0246: The type or namespace name 'CustomerGroup' could not be found (are you missing a using directive or an assembly reference?) [C:\Project\AntiGravity\PRO\CreditGuard.Backend\CreditGuard.Infrastructure\CreditGuard.Infrastructure.csproj]
C:\Project\AntiGravity\PRO\CreditGuard.Backend\CreditGuard.Infrastructure\Services\GroupService.cs(47,23): error CS0246: The type or namespace name 'CustomerGroup' could not be found (are you missing a using directive or an assembly reference?) [C:\Project\AntiGravity\PRO\CreditGuard.Backend\CreditGuard.Infrastructure\CreditGuard.Infrastructure.csproj]
C:\Project\AntiGravity\PRO\CreditGuard.Backend\CreditGuard.Infrastructure\Services\GroupService.cs(57,35): error CS0246: The type or namespace name 'CustomerGroup' could not be found (are you missing a using directive or an assembly reference?) [C:\Project\AntiGravity\PRO\CreditGuard.Backend\CreditGuard.Infrastructure\CreditGuard.Infrastructure.csproj]
C:\Project\AntiGravity\PRO\CreditGuard.Backend\CreditGuard.Infrastructure\Services\CustomerService.cs(22,23): error CS0246: The type or namespace name 'Customer' could not be found (are you missing a using directive or an assembly reference?) [C:\Project\AntiGravity\PRO\CreditGuard.Backend\CreditGuard.Infrastructure\CreditGuard.Infrastructure.csproj]
C:\Project\AntiGravity\PRO\CreditGuard.Backend\CreditGuard.Infrastructure\Data\AppDbContext.cs(13,18): error CS0246: The type or namespace name 'WalletTransaction' could not be found (are you missing a using directive or an assembly reference?) [C:\Project\AntiGravity\PRO\CreditGuard.Backend\CreditGuard.Infrastructure\CreditGuard.Infrastructure.csproj]
C:\Project\AntiGravity\PRO\CreditGuard.Backend\CreditGuard.Infrastructure\Services\CollectionService.cs(19,52): error CS0246: The type or namespace name 'IWalletService' could not be found (are you missing a using directive or an assembly reference?) [C:\Project\AntiGravity\PRO\CreditGuard.Backend\CreditGuard.Infrastructure\CreditGuard.Infrastructure.csproj]
C:\Project\AntiGravity\PRO\CreditGuard.Backend\CreditGuard.Infrastructure\Services\CollectionService.cs(19,82): error CS0246: The type or namespace name 'IGroupService' could not be found (are you missing a using directive or an assembly reference?) [C:\Project\AntiGravity\PRO\CreditGuard.Backend\CreditGuard.Infrastructure\CreditGuard.Infrastructure.csproj]
C:\Project\AntiGravity\PRO\CreditGuard.Backend\CreditGuard.Infrastructure\Services\CreditService.cs(19,48): error CS0246: The type or namespace name 'IWalletService' could not be found (are you missing a using directive or an assembly reference?) [C:\Project\AntiGravity\PRO\CreditGuard.Backend\CreditGuard.Infrastructure\CreditGuard.Infrastructure.csproj]
C:\Project\AntiGravity\PRO\CreditGuard.Backend\CreditGuard.Infrastructure\Services\CreditService.cs(19,78): error CS0246: The type or namespace name 'IGroupService' could not be found (are you missing a using directive or an assembly reference?) [C:\Project\AntiGravity\PRO\CreditGuard.Backend\CreditGuard.Infrastructure\CreditGuard.Infrastructure.csproj]
C:\Project\AntiGravity\PRO\CreditGuard.Backend\CreditGuard.Infrastructure\Services\WalletService.cs(102,35): error CS0246: The type or namespace name 'WalletTransaction' could not be found (are you missing a using directive or an assembly reference?) [C:\Project\AntiGravity\PRO\CreditGuard.Backend\CreditGuard.Infrastructure\CreditGuard.Infrastructure.csproj]
C:\Project\AntiGravity\PRO\CreditGuard.Backend\CreditGuard.Infrastructure\Data\AppDbContext.cs(14,18): error CS0246: The type or namespace name 'Customer' could not be found (are you missing a using directive or an assembly reference?) [C:\Project\AntiGravity\PRO\CreditGuard.Backend\CreditGuard.Infrastructure\CreditGuard.Infrastructure.csproj]
C:\Project\AntiGravity\PRO\CreditGuard.Backend\CreditGuard.Infrastructure\Services\CustomerService.cs(43,23): error CS0246: The type or namespace name 'Customer' could not be found (are you missing a using directive or an assembly reference?) [C:\Project\AntiGravity\PRO\CreditGuard.Backend\CreditGuard.Infrastructure\CreditGuard.Infrastructure.csproj]
C:\Project\AntiGravity\PRO\CreditGuard.Backend\CreditGuard.Infrastructure\Services\CollectionService.cs(26,23): error CS0246: The type or namespace name 'DailyCollection' could not be found (are you missing a using directive or an assembly reference?) [C:\Project\AntiGravity\PRO\CreditGuard.Backend\CreditGuard.Infrastructure\CreditGuard.Infrastructure.csproj]
C:\Project\AntiGravity\PRO\CreditGuard.Backend\CreditGuard.Infrastructure\Data\AppDbContext.cs(15,18): error CS0246: The type or namespace name 'CustomerGroup' could not be found (are you missing a using directive or an assembly reference?) [C:\Project\AntiGravity\PRO\CreditGuard.Backend\CreditGuard.Infrastructure\CreditGuard.Infrastructure.csproj]
C:\Project\AntiGravity\PRO\CreditGuard.Backend\CreditGuard.Infrastructure\Services\CustomerService.cs(48,35): error CS0246: The type or namespace name 'Customer' could not be found (are you missing a using directive or an assembly reference?) [C:\Project\AntiGravity\PRO\CreditGuard.Backend\CreditGuard.Infrastructure\CreditGuard.Infrastructure.csproj]
C:\Project\AntiGravity\PRO\CreditGuard.Backend\CreditGuard.Infrastructure\Services\CreditService.cs(26,23): error CS0246: The type or namespace name 'Credit' could not be found (are you missing a using directive or an assembly reference?) [C:\Project\AntiGravity\PRO\CreditGuard.Backend\CreditGuard.Infrastructure\CreditGuard.Infrastructure.csproj]
C:\Project\AntiGravity\PRO\CreditGuard.Backend\CreditGuard.Infrastructure\Services\CollectionService.cs(82,35): error CS0246: The type or namespace name 'DailyCollection' could not be found (are you missing a using directive or an assembly reference?) [C:\Project\AntiGravity\PRO\CreditGuard.Backend\CreditGuard.Infrastructure\CreditGuard.Infrastructure.csproj]
C:\Project\AntiGravity\PRO\CreditGuard.Backend\CreditGuard.Infrastructure\Data\AppDbContext.cs(16,18): error CS0246: The type or namespace name 'GroupMember' could not be found (are you missing a using directive or an assembly reference?) [C:\Project\AntiGravity\PRO\CreditGuard.Backend\CreditGuard.Infrastructure\CreditGuard.Infrastructure.csproj]
C:\Project\AntiGravity\PRO\CreditGuard.Backend\CreditGuard.Infrastructure\Data\AppDbContext.cs(17,18): error CS0246: The type or namespace name 'Credit' could not be found (are you missing a using directive or an assembly reference?) [C:\Project\AntiGravity\PRO\CreditGuard.Backend\CreditGuard.Infrastructure\CreditGuard.Infrastructure.csproj]
C:\Project\AntiGravity\PRO\CreditGuard.Backend\CreditGuard.Infrastructure\Services\CreditService.cs(93,23): error CS0246: The type or namespace name 'Credit' could not be found (are you missing a using directive or an assembly reference?) [C:\Project\AntiGravity\PRO\CreditGuard.Backend\CreditGuard.Infrastructure\CreditGuard.Infrastructure.csproj]
C:\Project\AntiGravity\PRO\CreditGuard.Backend\CreditGuard.Infrastructure\Services\CollectionService.cs(95,35): error CS0246: The type or namespace name 'DailyCollection' could not be found (are you missing a using directive or an assembly reference?) [C:\Project\AntiGravity\PRO\CreditGuard.Backend\CreditGuard.Infrastructure\CreditGuard.Infrastructure.csproj]
C:\Project\AntiGravity\PRO\CreditGuard.Backend\CreditGuard.Infrastructure\Data\AppDbContext.cs(18,18): error CS0246: The type or namespace name 'DailyCollection' could not be found (are you missing a using directive or an assembly reference?) [C:\Project\AntiGravity\PRO\CreditGuard.Backend\CreditGuard.Infrastructure\CreditGuard.Infrastructure.csproj]
C:\Project\AntiGravity\PRO\CreditGuard.Backend\CreditGuard.Infrastructure\Data\AppDbContext.cs(19,18): error CS0246: The type or namespace name 'PaymentAllocation' could not be found (are you missing a using directive or an assembly reference?) [C:\Project\AntiGravity\PRO\CreditGuard.Backend\CreditGuard.Infrastructure\CreditGuard.Infrastructure.csproj]
C:\Project\AntiGravity\PRO\CreditGuard.Backend\CreditGuard.Infrastructure\Services\CreditService.cs(100,35): error CS0246: The type or namespace name 'Credit' could not be found (are you missing a using directive or an assembly reference?) [C:\Project\AntiGravity\PRO\CreditGuard.Backend\CreditGuard.Infrastructure\CreditGuard.Infrastructure.csproj]
  CreditGuard.Core -> C:\Project\AntiGravity\PRO\CreditGuard.Backend\CreditGuard.Core\bin\Debug\net10.0\CreditGuard.Core.dll

Build FAILED.

C:\Project\AntiGravity\PRO\CreditGuard.Backend\CreditGuard.Infrastructure\Data\AppDbContext.cs(1,19): error CS0234: The type or namespace name 'Core' does not exist in the namespace 'CreditGuard' (are you missing an assembly reference?) [C:\Project\AntiGravity\PRO\CreditGuard.Backend\CreditGuard.Infrastructure\CreditGuard.Infrastructure.csproj]
C:\Project\AntiGravity\PRO\CreditGuard.Backend\CreditGuard.Infrastructure\Data\BlobDbContext.cs(1,19): error CS0234: The type or namespace name 'Core' does not exist in the namespace 'CreditGuard' (are you missing an assembly reference?) [C:\Project\AntiGravity\PRO\CreditGuard.Backend\CreditGuard.Infrastructure\CreditGuard.Infrastructure.csproj]
C:\Project\AntiGravity\PRO\CreditGuard.Backend\CreditGuard.Infrastructure\DependencyInjection.cs(1,19): error CS0234: The type or namespace name 'Core' does not exist in the namespace 'CreditGuard' (are you missing an assembly reference?) [C:\Project\AntiGravity\PRO\CreditGuard.Backend\CreditGuard.Infrastructure\CreditGuard.Infrastructure.csproj]
C:\Project\AntiGravity\PRO\CreditGuard.Backend\CreditGuard.Infrastructure\Services\AuthService.cs(6,19): error CS0234: The type or namespace name 'Core' does not exist in the namespace 'CreditGuard' (are you missing an assembly reference?) [C:\Project\AntiGravity\PRO\CreditGuard.Backend\CreditGuard.Infrastructure\CreditGuard.Infrastructure.csproj]
C:\Project\AntiGravity\PRO\CreditGuard.Backend\CreditGuard.Infrastructure\Services\AuthService.cs(7,19): error CS0234: The type or namespace name 'Core' does not exist in the namespace 'CreditGuard' (are you missing an assembly reference?) [C:\Project\AntiGravity\PRO\CreditGuard.Backend\CreditGuard.Infrastructure\CreditGuard.Infrastructure.csproj]
C:\Project\AntiGravity\PRO\CreditGuard.Backend\CreditGuard.Infrastructure\Services\AuthService.cs(8,19): error CS0234: The type or namespace name 'Core' does not exist in the namespace 'CreditGuard' (are you missing an assembly reference?) [C:\Project\AntiGravity\PRO\CreditGuard.Backend\CreditGuard.Infrastructure\CreditGuard.Infrastructure.csproj]
C:\Project\AntiGravity\PRO\CreditGuard.Backend\CreditGuard.Infrastructure\Services\BlobService.cs(2,19): error CS0234: The type or namespace name 'Core' does not exist in the namespace 'CreditGuard' (are you missing an assembly reference?) [C:\Project\AntiGravity\PRO\CreditGuard.Backend\CreditGuard.Infrastructure\CreditGuard.Infrastructure.csproj]
C:\Project\AntiGravity\PRO\CreditGuard.Backend\CreditGuard.Infrastructure\Services\BlobService.cs(3,19): error CS0234: The type or namespace name 'Core' does not exist in the namespace 'CreditGuard' (are you missing an assembly reference?) [C:\Project\AntiGravity\PRO\CreditGuard.Backend\CreditGuard.Infrastructure\CreditGuard.Infrastructure.csproj]
C:\Project\AntiGravity\PRO\CreditGuard.Backend\CreditGuard.Infrastructure\Services\BlobService.cs(6,19): error CS0234: The type or namespace name 'Core' does not exist in the namespace 'CreditGuard' (are you missing an assembly reference?) [C:\Project\AntiGravity\PRO\CreditGuard.Backend\CreditGuard.Infrastructure\CreditGuard.Infrastructure.csproj]
C:\Project\AntiGravity\PRO\CreditGuard.Backend\CreditGuard.Infrastructure\Services\CollectionService.cs(5,19): error CS0234: The type or namespace name 'Core' does not exist in the namespace 'CreditGuard' (are you missing an assembly reference?) [C:\Project\AntiGravity\PRO\CreditGuard.Backend\CreditGuard.Infrastructure\CreditGuard.Infrastructure.csproj]
C:\Project\AntiGravity\PRO\CreditGuard.Backend\CreditGuard.Infrastructure\Services\CollectionService.cs(6,19): error CS0234: The type or namespace name 'Core' does not exist in the namespace 'CreditGuard' (are you missing an assembly reference?) [C:\Project\AntiGravity\PRO\CreditGuard.Backend\CreditGuard.Infrastructure\CreditGuard.Infrastructure.csproj]
C:\Project\AntiGravity\PRO\CreditGuard.Backend\CreditGuard.Infrastructure\Services\CollectionService.cs(7,19): error CS0234: The type or namespace name 'Core' does not exist in the namespace 'CreditGuard' (are you missing an assembly reference?) [C:\Project\AntiGravity\PRO\CreditGuard.Backend\CreditGuard.Infrastructure\CreditGuard.Infrastructure.csproj]
C:\Project\AntiGravity\PRO\CreditGuard.Backend\CreditGuard.Infrastructure\Services\CreditService.cs(5,19): error CS0234: The type or namespace name 'Core' does not exist in the namespace 'CreditGuard' (are you missing an assembly reference?) [C:\Project\AntiGravity\PRO\CreditGuard.Backend\CreditGuard.Infrastructure\CreditGuard.Infrastructure.csproj]
C:\Project\AntiGravity\PRO\CreditGuard.Backend\CreditGuard.Infrastructure\Services\CreditService.cs(6,19): error CS0234: The type or namespace name 'Core' does not exist in the namespace 'CreditGuard' (are you missing an assembly reference?) [C:\Project\AntiGravity\PRO\CreditGuard.Backend\CreditGuard.Infrastructure\CreditGuard.Infrastructure.csproj]
C:\Project\AntiGravity\PRO\CreditGuard.Backend\CreditGuard.Infrastructure\Services\CreditService.cs(7,19): error CS0234: The type or namespace name 'Core' does not exist in the namespace 'CreditGuard' (are you missing an assembly reference?) [C:\Project\AntiGravity\PRO\CreditGuard.Backend\CreditGuard.Infrastructure\CreditGuard.Infrastructure.csproj]
C:\Project\AntiGravity\PRO\CreditGuard.Backend\CreditGuard.Infrastructure\Services\CustomerService.cs(5,19): error CS0234: The type or namespace name 'Core' does not exist in the namespace 'CreditGuard' (are you missing an assembly reference?) [C:\Project\AntiGravity\PRO\CreditGuard.Backend\CreditGuard.Infrastructure\CreditGuard.Infrastructure.csproj]
C:\Project\AntiGravity\PRO\CreditGuard.Backend\CreditGuard.Infrastructure\Services\CustomerService.cs(6,19): error CS0234: The type or namespace name 'Core' does not exist in the namespace 'CreditGuard' (are you missing an assembly reference?) [C:\Project\AntiGravity\PRO\CreditGuard.Backend\CreditGuard.Infrastructure\CreditGuard.Infrastructure.csproj]
C:\Project\AntiGravity\PRO\CreditGuard.Backend\CreditGuard.Infrastructure\Services\CustomerService.cs(7,19): error CS0234: The type or namespace name 'Core' does not exist in the namespace 'CreditGuard' (are you missing an assembly reference?) [C:\Project\AntiGravity\PRO\CreditGuard.Backend\CreditGuard.Infrastructure\CreditGuard.Infrastructure.csproj]
C:\Project\AntiGravity\PRO\CreditGuard.Backend\CreditGuard.Infrastructure\Services\GroupService.cs(5,19): error CS0234: The type or namespace name 'Core' does not exist in the namespace 'CreditGuard' (are you missing an assembly reference?) [C:\Project\AntiGravity\PRO\CreditGuard.Backend\CreditGuard.Infrastructure\CreditGuard.Infrastructure.csproj]
C:\Project\AntiGravity\PRO\CreditGuard.Backend\CreditGuard.Infrastructure\Services\GroupService.cs(6,19): error CS0234: The type or namespace name 'Core' does not exist in the namespace 'CreditGuard' (are you missing an assembly reference?) [C:\Project\AntiGravity\PRO\CreditGuard.Backend\CreditGuard.Infrastructure\CreditGuard.Infrastructure.csproj]
C:\Project\AntiGravity\PRO\CreditGuard.Backend\CreditGuard.Infrastructure\Services\GroupService.cs(7,19): error CS0234: The type or namespace name 'Core' does not exist in the namespace 'CreditGuard' (are you missing an assembly reference?) [C:\Project\AntiGravity\PRO\CreditGuard.Backend\CreditGuard.Infrastructure\CreditGuard.Infrastructure.csproj]
C:\Project\AntiGravity\PRO\CreditGuard.Backend\CreditGuard.Infrastructure\Services\WalletService.cs(5,19): error CS0234: The type or namespace name 'Core' does not exist in the namespace 'CreditGuard' (are you missing an assembly reference?) [C:\Project\AntiGravity\PRO\CreditGuard.Backend\CreditGuard.Infrastructure\CreditGuard.Infrastructure.csproj]
C:\Project\AntiGravity\PRO\CreditGuard.Backend\CreditGuard.Infrastructure\Services\WalletService.cs(6,19): error CS0234: The type or namespace name 'Core' does not exist in the namespace 'CreditGuard' (are you missing an assembly reference?) [C:\Project\AntiGravity\PRO\CreditGuard.Backend\CreditGuard.Infrastructure\CreditGuard.Infrastructure.csproj]
C:\Project\AntiGravity\PRO\CreditGuard.Backend\CreditGuard.Infrastructure\Services\WalletService.cs(7,19): error CS0234: The type or namespace name 'Core' does not exist in the namespace 'CreditGuard' (are you missing an assembly reference?) [C:\Project\AntiGravity\PRO\CreditGuard.Backend\CreditGuard.Infrastructure\CreditGuard.Infrastructure.csproj]
C:\Project\AntiGravity\PRO\CreditGuard.Backend\CreditGuard.Infrastructure\Services\AuthService.cs(16,28): error CS0246: The type or namespace name 'IAuthService' could not be found (are you missing a using directive or an assembly reference?) [C:\Project\AntiGravity\PRO\CreditGuard.Backend\CreditGuard.Infrastructure\CreditGuard.Infrastructure.csproj]
C:\Project\AntiGravity\PRO\CreditGuard.Backend\CreditGuard.Infrastructure\Services\BlobService.cs(10,28): error CS0246: The type or namespace name 'IBlobService' could not be found (are you missing a using directive or an assembly reference?) [C:\Project\AntiGravity\PRO\CreditGuard.Backend\CreditGuard.Infrastructure\CreditGuard.Infrastructure.csproj]
C:\Project\AntiGravity\PRO\CreditGuard.Backend\CreditGuard.Infrastructure\Services\CollectionService.cs(13,34): error CS0246: The type or namespace name 'ICollectionService' could not be found (are you missing a using directive or an assembly reference?) [C:\Project\AntiGravity\PRO\CreditGuard.Backend\CreditGuard.Infrastructure\CreditGuard.Infrastructure.csproj]
C:\Project\AntiGravity\PRO\CreditGuard.Backend\CreditGuard.Infrastructure\Services\CreditService.cs(13,30): error CS0246: The type or namespace name 'ICreditService' could not be found (are you missing a using directive or an assembly reference?) [C:\Project\AntiGravity\PRO\CreditGuard.Backend\CreditGuard.Infrastructure\CreditGuard.Infrastructure.csproj]
C:\Project\AntiGravity\PRO\CreditGuard.Backend\CreditGuard.Infrastructure\Services\GroupService.cs(14,29): error CS0246: The type or namespace name 'IGroupService' could not be found (are you missing a using directive or an assembly reference?) [C:\Project\AntiGravity\PRO\CreditGuard.Backend\CreditGuard.Infrastructure\CreditGuard.Infrastructure.csproj]
C:\Project\AntiGravity\PRO\CreditGuard.Backend\CreditGuard.Infrastructure\Services\AuthService.cs(59,37): error CS0246: The type or namespace name 'Creditor' could not be found (are you missing a using directive or an assembly reference?) [C:\Project\AntiGravity\PRO\CreditGuard.Backend\CreditGuard.Infrastructure\CreditGuard.Infrastructure.csproj]
C:\Project\AntiGravity\PRO\CreditGuard.Backend\CreditGuard.Infrastructure\Services\CustomerService.cs(13,32): error CS0246: The type or namespace name 'ICustomerService' could not be found (are you missing a using directive or an assembly reference?) [C:\Project\AntiGravity\PRO\CreditGuard.Backend\CreditGuard.Infrastructure\CreditGuard.Infrastructure.csproj]
C:\Project\AntiGravity\PRO\CreditGuard.Backend\CreditGuard.Infrastructure\Services\GroupService.cs(17,22): error CS0246: The type or namespace name 'ICustomerService' could not be found (are you missing a using directive or an assembly reference?) [C:\Project\AntiGravity\PRO\CreditGuard.Backend\CreditGuard.Infrastructure\CreditGuard.Infrastructure.csproj]
C:\Project\AntiGravity\PRO\CreditGuard.Backend\CreditGuard.Infrastructure\Services\CollectionService.cs(16,22): error CS0246: The type or namespace name 'IWalletService' could not be found (are you missing a using directive or an assembly reference?) [C:\Project\AntiGravity\PRO\CreditGuard.Backend\CreditGuard.Infrastructure\CreditGuard.Infrastructure.csproj]
C:\Project\AntiGravity\PRO\CreditGuard.Backend\CreditGuard.Infrastructure\Services\CreditService.cs(16,22): error CS0246: The type or namespace name 'IWalletService' could not be found (are you missing a using directive or an assembly reference?) [C:\Project\AntiGravity\PRO\CreditGuard.Backend\CreditGuard.Infrastructure\CreditGuard.Infrastructure.csproj]
C:\Project\AntiGravity\PRO\CreditGuard.Backend\CreditGuard.Infrastructure\Services\WalletService.cs(14,30): error CS0246: The type or namespace name 'IWalletService' could not be found (are you missing a using directive or an assembly reference?) [C:\Project\AntiGravity\PRO\CreditGuard.Backend\CreditGuard.Infrastructure\CreditGuard.Infrastructure.csproj]
C:\Project\AntiGravity\PRO\CreditGuard.Backend\CreditGuard.Infrastructure\Data\BlobDbContext.cs(12,18): error CS0246: The type or namespace name 'Blob' could not be found (are you missing a using directive or an assembly reference?) [C:\Project\AntiGravity\PRO\CreditGuard.Backend\CreditGuard.Infrastructure\CreditGuard.Infrastructure.csproj]
C:\Project\AntiGravity\PRO\CreditGuard.Backend\CreditGuard.Infrastructure\Services\GroupService.cs(20,47): error CS0246: The type or namespace name 'ICustomerService' could not be found (are you missing a using directive or an assembly reference?) [C:\Project\AntiGravity\PRO\CreditGuard.Backend\CreditGuard.Infrastructure\CreditGuard.Infrastructure.csproj]
C:\Project\AntiGravity\PRO\CreditGuard.Backend\CreditGuard.Infrastructure\Data\AppDbContext.cs(12,18): error CS0246: The type or namespace name 'Creditor' could not be found (are you missing a using directive or an assembly reference?) [C:\Project\AntiGravity\PRO\CreditGuard.Backend\CreditGuard.Infrastructure\CreditGuard.Infrastructure.csproj]
C:\Project\AntiGravity\PRO\CreditGuard.Backend\CreditGuard.Infrastructure\Services\CollectionService.cs(17,22): error CS0246: The type or namespace name 'IGroupService' could not be found (are you missing a using directive or an assembly reference?) [C:\Project\AntiGravity\PRO\CreditGuard.Backend\CreditGuard.Infrastructure\CreditGuard.Infrastructure.csproj]
C:\Project\AntiGravity\PRO\CreditGuard.Backend\CreditGuard.Infrastructure\Services\BlobService.cs(33,23): error CS0246: The type or namespace name 'Blob' could not be found (are you missing a using directive or an assembly reference?) [C:\Project\AntiGravity\PRO\CreditGuard.Backend\CreditGuard.Infrastructure\CreditGuard.Infrastructure.csproj]
C:\Project\AntiGravity\PRO\CreditGuard.Backend\CreditGuard.Infrastructure\Services\CreditService.cs(17,22): error CS0246: The type or namespace name 'IGroupService' could not be found (are you missing a using directive or an assembly reference?) [C:\Project\AntiGravity\PRO\CreditGuard.Backend\CreditGuard.Infrastructure\CreditGuard.Infrastructure.csproj]
C:\Project\AntiGravity\PRO\CreditGuard.Backend\CreditGuard.Infrastructure\Services\GroupService.cs(27,23): error CS0246: The type or namespace name 'CustomerGroup' could not be found (are you missing a using directive or an assembly reference?) [C:\Project\AntiGravity\PRO\CreditGuard.Backend\CreditGuard.Infrastructure\CreditGuard.Infrastructure.csproj]
C:\Project\AntiGravity\PRO\CreditGuard.Backend\CreditGuard.Infrastructure\Services\GroupService.cs(47,23): error CS0246: The type or namespace name 'CustomerGroup' could not be found (are you missing a using directive or an assembly reference?) [C:\Project\AntiGravity\PRO\CreditGuard.Backend\CreditGuard.Infrastructure\CreditGuard.Infrastructure.csproj]
C:\Project\AntiGravity\PRO\CreditGuard.Backend\CreditGuard.Infrastructure\Services\GroupService.cs(57,35): error CS0246: The type or namespace name 'CustomerGroup' could not be found (are you missing a using directive or an assembly reference?) [C:\Project\AntiGravity\PRO\CreditGuard.Backend\CreditGuard.Infrastructure\CreditGuard.Infrastructure.csproj]
C:\Project\AntiGravity\PRO\CreditGuard.Backend\CreditGuard.Infrastructure\Services\CustomerService.cs(22,23): error CS0246: The type or namespace name 'Customer' could not be found (are you missing a using directive or an assembly reference?) [C:\Project\AntiGravity\PRO\CreditGuard.Backend\CreditGuard.Infrastructure\CreditGuard.Infrastructure.csproj]
C:\Project\AntiGravity\PRO\CreditGuard.Backend\CreditGuard.Infrastructure\Data\AppDbContext.cs(13,18): error CS0246: The type or namespace name 'WalletTransaction' could not be found (are you missing a using directive or an assembly reference?) [C:\Project\AntiGravity\PRO\CreditGuard.Backend\CreditGuard.Infrastructure\CreditGuard.Infrastructure.csproj]
C:\Project\AntiGravity\PRO\CreditGuard.Backend\CreditGuard.Infrastructure\Services\CollectionService.cs(19,52): error CS0246: The type or namespace name 'IWalletService' could not be found (are you missing a using directive or an assembly reference?) [C:\Project\AntiGravity\PRO\CreditGuard.Backend\CreditGuard.Infrastructure\CreditGuard.Infrastructure.csproj]
C:\Project\AntiGravity\PRO\CreditGuard.Backend\CreditGuard.Infrastructure\Services\CollectionService.cs(19,82): error CS0246: The type or namespace name 'IGroupService' could not be found (are you missing a using directive or an assembly reference?) [C:\Project\AntiGravity\PRO\CreditGuard.Backend\CreditGuard.Infrastructure\CreditGuard.Infrastructure.csproj]
C:\Project\AntiGravity\PRO\CreditGuard.Backend\CreditGuard.Infrastructure\Services\CreditService.cs(19,48): error CS0246: The type or namespace name 'IWalletService' could not be found (are you missing a using directive or an assembly reference?) [C:\Project\AntiGravity\PRO\CreditGuard.Backend\CreditGuard.Infrastructure\CreditGuard.Infrastructure.csproj]
C:\Project\AntiGravity\PRO\CreditGuard.Backend\CreditGuard.Infrastructure\Services\CreditService.cs(19,78): error CS0246: The type or namespace name 'IGroupService' could not be found (are you missing a using directive or an assembly reference?) [C:\Project\AntiGravity\PRO\CreditGuard.Backend\CreditGuard.Infrastructure\CreditGuard.Infrastructure.csproj]
C:\Project\AntiGravity\PRO\CreditGuard.Backend\CreditGuard.Infrastructure\Services\WalletService.cs(102,35): error CS0246: The type or namespace name 'WalletTransaction' could not be found (are you missing a using directive or an assembly reference?) [C:\Project\AntiGravity\PRO\CreditGuard.Backend\CreditGuard.Infrastructure\CreditGuard.Infrastructure.csproj]
C:\Project\AntiGravity\PRO\CreditGuard.Backend\CreditGuard.Infrastructure\Data\AppDbContext.cs(14,18): error CS0246: The type or namespace name 'Customer' could not be found (are you missing a using directive or an assembly reference?) [C:\Project\AntiGravity\PRO\CreditGuard.Backend\CreditGuard.Infrastructure\CreditGuard.Infrastructure.csproj]
C:\Project\AntiGravity\PRO\CreditGuard.Backend\CreditGuard.Infrastructure\Services\CustomerService.cs(43,23): error CS0246: The type or namespace name 'Customer' could not be found (are you missing a using directive or an assembly reference?) [C:\Project\AntiGravity\PRO\CreditGuard.Backend\CreditGuard.Infrastructure\CreditGuard.Infrastructure.csproj]
C:\Project\AntiGravity\PRO\CreditGuard.Backend\CreditGuard.Infrastructure\Services\CollectionService.cs(26,23): error CS0246: The type or namespace name 'DailyCollection' could not be found (are you missing a using directive or an assembly reference?) [C:\Project\AntiGravity\PRO\CreditGuard.Backend\CreditGuard.Infrastructure\CreditGuard.Infrastructure.csproj]
C:\Project\AntiGravity\PRO\CreditGuard.Backend\CreditGuard.Infrastructure\Data\AppDbContext.cs(15,18): error CS0246: The type or namespace name 'CustomerGroup' could not be found (are you missing a using directive or an assembly reference?) [C:\Project\AntiGravity\PRO\CreditGuard.Backend\CreditGuard.Infrastructure\CreditGuard.Infrastructure.csproj]
C:\Project\AntiGravity\PRO\CreditGuard.Backend\CreditGuard.Infrastructure\Services\CustomerService.cs(48,35): error CS0246: The type or namespace name 'Customer' could not be found (are you missing a using directive or an assembly reference?) [C:\Project\AntiGravity\PRO\CreditGuard.Backend\CreditGuard.Infrastructure\CreditGuard.Infrastructure.csproj]
C:\Project\AntiGravity\PRO\CreditGuard.Backend\CreditGuard.Infrastructure\Services\CreditService.cs(26,23): error CS0246: The type or namespace name 'Credit' could not be found (are you missing a using directive or an assembly reference?) [C:\Project\AntiGravity\PRO\CreditGuard.Backend\CreditGuard.Infrastructure\CreditGuard.Infrastructure.csproj]
C:\Project\AntiGravity\PRO\CreditGuard.Backend\CreditGuard.Infrastructure\Services\CollectionService.cs(82,35): error CS0246: The type or namespace name 'DailyCollection' could not be found (are you missing a using directive or an assembly reference?) [C:\Project\AntiGravity\PRO\CreditGuard.Backend\CreditGuard.Infrastructure\CreditGuard.Infrastructure.csproj]
C:\Project\AntiGravity\PRO\CreditGuard.Backend\CreditGuard.Infrastructure\Data\AppDbContext.cs(16,18): error CS0246: The type or namespace name 'GroupMember' could not be found (are you missing a using directive or an assembly reference?) [C:\Project\AntiGravity\PRO\CreditGuard.Backend\CreditGuard.Infrastructure\CreditGuard.Infrastructure.csproj]
C:\Project\AntiGravity\PRO\CreditGuard.Backend\CreditGuard.Infrastructure\Data\AppDbContext.cs(17,18): error CS0246: The type or namespace name 'Credit' could not be found (are you missing a using directive or an assembly reference?) [C:\Project\AntiGravity\PRO\CreditGuard.Backend\CreditGuard.Infrastructure\CreditGuard.Infrastructure.csproj]
C:\Project\AntiGravity\PRO\CreditGuard.Backend\CreditGuard.Infrastructure\Services\CreditService.cs(93,23): error CS0246: The type or namespace name 'Credit' could not be found (are you missing a using directive or an assembly reference?) [C:\Project\AntiGravity\PRO\CreditGuard.Backend\CreditGuard.Infrastructure\CreditGuard.Infrastructure.csproj]
C:\Project\AntiGravity\PRO\CreditGuard.Backend\CreditGuard.Infrastructure\Services\CollectionService.cs(95,35): error CS0246: The type or namespace name 'DailyCollection' could not be found (are you missing a using directive or an assembly reference?) [C:\Project\AntiGravity\PRO\CreditGuard.Backend\CreditGuard.Infrastructure\CreditGuard.Infrastructure.csproj]
C:\Project\AntiGravity\PRO\CreditGuard.Backend\CreditGuard.Infrastructure\Data\AppDbContext.cs(18,18): error CS0246: The type or namespace name 'DailyCollection' could not be found (are you missing a using directive or an assembly reference?) [C:\Project\AntiGravity\PRO\CreditGuard.Backend\CreditGuard.Infrastructure\CreditGuard.Infrastructure.csproj]
C:\Project\AntiGravity\PRO\CreditGuard.Backend\CreditGuard.Infrastructure\Data\AppDbContext.cs(19,18): error CS0246: The type or namespace name 'PaymentAllocation' could not be found (are you missing a using directive or an assembly reference?) [C:\Project\AntiGravity\PRO\CreditGuard.Backend\CreditGuard.Infrastructure\CreditGuard.Infrastructure.csproj]
C:\Project\AntiGravity\PRO\CreditGuard.Backend\CreditGuard.Infrastructure\Services\CreditService.cs(100,35): error CS0246: The type or namespace name 'Credit' could not be found (are you missing a using directive or an assembly reference?) [C:\Project\AntiGravity\PRO\CreditGuard.Backend\CreditGuard.Infrastructure\CreditGuard.Infrastructure.csproj]
    0 Warning(s)
    65 Error(s)

Time Elapsed 00:00:01.16
